%
% em.map
%
%Courier
pcrb8r NimbusMonL-Bold "TeXBase1Encoding ReEncodeFont " <8r.enc <ucrb8a.pfb
pcrbo8r NimbusMonL-BoldObli "TeXBase1Encoding ReEncodeFont " <8r.enc <ucrbo8a.pfb
pcrr8r NimbusMonL-Regu "TeXBase1Encoding ReEncodeFont " <8r.enc <ucrr8a.pfb
pcrro8r NimbusMonL-ReguObli "TeXBase1Encoding ReEncodeFont " <8r.enc <ucrro8a.pfb
%Helvetica
phvb8r NimbusSanL-Bold "TeXBase1Encoding ReEncodeFont " <8r.enc <uhvb8a.pfb
phvb8rn NimbusSanL-BoldCond "TeXBase1Encoding ReEncodeFont " <8r.enc <uhvb8ac.pfb
phvbo8r NimbusSanL-BoldItal "TeXBase1Encoding ReEncodeFont " <8r.enc <uhvbo8a.pfb
phvbo8rn NimbusSanL-BoldCondItal "TeXBase1Encoding ReEncodeFont " <8r.enc <uhvbo8ac.pfb
phvr8r NimbusSanL-Regu "TeXBase1Encoding ReEncodeFont " <8r.enc <uhvr8a.pfb
phvr8rn NimbusSanL-ReguCond "TeXBase1Encoding ReEncodeFont " <8r.enc <uhvr8ac.pfb
phvro8r NimbusSanL-ReguItal "TeXBase1Encoding ReEncodeFont " <8r.enc <uhvro8a.pfb
phvro8rn NimbusSanL-ReguCondItal "TeXBase1Encoding ReEncodeFont " <8r.enc <uhvro8ac.pfb
%Symbol
psyr StandardSymL <usyr.pfb
psyro StandardSymL " .167 SlantFont " <usyr.pfb
%Times
ptmb8r NimbusRomNo9L-Medi "TeXBase1Encoding ReEncodeFont " <8r.enc <utmb8a.pfb
ptmbi8r NimbusRomNo9L-MediItal "TeXBase1Encoding ReEncodeFont " <8r.enc <utmbi8a.pfb
ptmbo8r NimbusRomNo9L-Medi " .167 SlantFont TeXBase1Encoding ReEncodeFont " <8r.enc <utmb8a.pfb
ptmr8r NimbusRomNo9L-Regu "TeXBase1Encoding ReEncodeFont " <8r.enc <utmr8a.pfb
ptmri8r NimbusRomNo9L-ReguItal "TeXBase1Encoding ReEncodeFont " <8r.enc <utmri8a.pfb
ptmro8r NimbusRomNo9L-Regu " .167 SlantFont TeXBase1Encoding ReEncodeFont " <8r.enc <utmr8a.pfb
%ZapfChancery
pzcmi8r URWChanceryL-MediItal "TeXBase1Encoding ReEncodeFont " <8r.enc <uzcmi8a.pfb
%ZapfDingbats
pzdr Dingbats <uzdr.pfb

